// Jest Snapshot v1, https://goo.gl/fbAQLP

exports[`Prueba de mi componente GifItem Debe de hacer un snapshot del componente 1`] = `
<div>
  <div
    class="card"
  >
    <img
      alt="One Punch"
      src="https://midominio.com/imagen.jpg"
    />
    <p>
      One Punch
    </p>
  </div>
</div>
`;
